<?xml version="1.0" encoding="utf-8"?><testsuites><testsuite name="pytest" errors="0" failures="0" skipped="0" tests="2" time="4.408" timestamp="2025-03-27T16:12:31.311076-05:00" hostname="HO-9C7KR54"><testcase classname="tests.e2e.test_login" name="test_user_can_login" time="2.603" /><testcase classname="tests.step_definitions.test_login_steps" name="test_usuario_válido_puede_acceder_al_sistema[Admin-Admin123]" time="1.637" /></testsuite></testsuites>